Parsed count: 3
Array
(
    [0] => Array
        (
            [version] => 2.0.0
            [date] => 2024-11-24
            [changes] => Array
                (
                    [0] => Array
                        (
                            [category] => New
                            [change] => Farok Added dynamic content update feature
                        )

                    [1] => Array
                        (
                            [category] => Improvement
                            [change] => Better error handling in REST API
                        )

                    [2] => Array
                        (
                            [category] => Fix
                            [change] => Resolved permalink issues with REST endpoints
                        )

                )

        )

    [1] => Array
        (
            [version] => 1.5.0
            [date] => 2024-11-20
            [changes] => Array
                (
                    [0] => Array
                        (
                            [category] => New
                            [change] => Added pagination support
                        )

                    [1] => Array
                        (
                            [category] => Update
                            [change] => Improved parser performance
                        )

                    [2] => Array
                        (
                            [category] => Fix
                            [change] => Fixed version tree rendering
                        )

                    [3] => Array
                        (
                            [category] => Tweaked
                            [change] => Updated UI styles
                        )

                )

        )

    [2] => Array
        (
            [version] => 1.1.0
            [date] => 2023-10-27
            [changes] => Array
                (
                    [0] => Array
                        (
                            [category] => New
                            [change] => Added a new feature
                        )

                    [1] => Array
                        (
                            [category] => Fix
                            [change] => Fixed a bug
                        )

                    [2] => Array
                        (
                            [category] => General
                            [change] => Improved performance
                        )

                )

        )

)


Output length: 7746
        <div class="changeloger-info-inner-wrapper">
            <div class="changeloger-items">
                                    <div
                        id="test-id-2.0.0"
                        class="changelog-info-item"
                        data-filter="new improvement fix"
                    >
                        <div class="date">
                            <span>2024-11-24</span>
                            
                                                    </div>
                        <div class="version">
                            <span class="version-tag">2.0.0</span>
                            <span class="line"></span>
                        </div>
                        <div class="content">
                                                            <p>
                                    <span
                                        style="background-color: #0ed193;"                                        class="tag new"
                                    >
                                        New                                    </span>
                                    <span class="change">Farok Added dynamic content update feature</span>
                                </p>
                                                            <p>
                                    <span
                                        style="background-color: #4c4cf1;"                                        class="tag improvement"
                                    >
                                        Improvement                                    </span>
                                    <span class="change">Better error handling in REST API</span>
                                </p>
                                                            <p>
                                    <span
                                        style="background-color: #000000;"                                        class="tag fix"
                                    >
                                        Fix                                    </span>
                                    <span class="change">Resolved permalink issues with REST endpoints</span>
                                </p>
                            
                            <div class="changeloger-link-wrapper">
                                                            </div>
                        </div>
                    </div>
                                    <div
                        id="test-id-1.5.0"
                        class="changelog-info-item"
                        data-filter="new update fix tweaked"
                    >
                        <div class="date">
                            <span>2024-11-20</span>
                            
                                                    </div>
                        <div class="version">
                            <span class="version-tag">1.5.0</span>
                            <span class="line"></span>
                        </div>
                        <div class="content">
                                                            <p>
                                    <span
                                        style="background-color: #0ed193;"                                        class="tag new"
                                    >
                                        New                                    </span>
                                    <span class="change">Added pagination support</span>
                                </p>
                                                            <p>
                                    <span
                                        style="background-color: #ffa100;"                                        class="tag update"
                                    >
                                        Update                                    </span>
                                    <span class="change">Improved parser performance</span>
                                </p>
                                                            <p>
                                    <span
                                        style="background-color: #000000;"                                        class="tag fix"
                                    >
                                        Fix                                    </span>
                                    <span class="change">Fixed version tree rendering</span>
                                </p>
                                                            <p>
                                    <span
                                                                                class="tag tweaked"
                                    >
                                        Tweaked                                    </span>
                                    <span class="change">Updated UI styles</span>
                                </p>
                            
                            <div class="changeloger-link-wrapper">
                                                            </div>
                        </div>
                    </div>
                                    <div
                        id="test-id-1.1.0"
                        class="changelog-info-item"
                        data-filter="new fix general"
                    >
                        <div class="date">
                            <span>2023-10-27</span>
                            
                                                    </div>
                        <div class="version">
                            <span class="version-tag">1.1.0</span>
                            <span class="line"></span>
                        </div>
                        <div class="content">
                                                            <p>
                                    <span
                                        style="background-color: #0ed193;"                                        class="tag new"
                                    >
                                        New                                    </span>
                                    <span class="change">Added a new feature</span>
                                </p>
                                                            <p>
                                    <span
                                        style="background-color: #000000;"                                        class="tag fix"
                                    >
                                        Fix                                    </span>
                                    <span class="change">Fixed a bug</span>
                                </p>
                                                            <p>
                                    <span
                                                                                class="tag general"
                                    >
                                        General                                    </span>
                                    <span class="change">Improved performance</span>
                                </p>
                            
                            <div class="changeloger-link-wrapper">
                                                            </div>
                        </div>
                    </div>
                            </div>
        </div>
        